******************************************************************************
                  TI ARM Linker Unix v18.12.6                  
******************************************************************************
>> Linked Tue Sep  1 23:25:30 2020

OUTPUT FILE NAME:   <simple_peripheral_CC26X2R1_LAUNCHXL_tirtos_ccs.out>
ENTRY POINT SYMBOL: "ResetISR"  address: 000127c1


MEMORY CONFIGURATION

         name            origin    length      used     unused   attr    fill
----------------------  --------  ---------  --------  --------  ----  --------
  FLASH                 00000000   00056000  0001dff2  0003800e  R  X
  FLASH_LAST_PAGE       00056000   00002000  00000058  00001fa8  R  X
  RTOS_SRAM             20000000   0000012c  000000e4  00000048  RW X
  SRAM                  20000fdf   00013021  0000281a  00010807  RW X


SEGMENT ALLOCATION MAP

run origin  load origin   length   init length attrs members
----------  ----------- ---------- ----------- ----- -------
00000000    00000000    00019ff8   00019ff8    r-x
  00000000    00000000    0000003c   0000003c    r-- .resetVecs
  0000003c    0000003c    000178e4   000178e4    r-x .text
  00017920    00017920    00001fba   00001fba    r-- .const
  000198dc    000198dc    00000138   00000138    r-- .rodata
  00019a18    00019a18    000005e0   000005e0    r-- .cinit
00048000    00048000    00004000   00000000    rw-
  00048000    00048000    00004000   00000000    rw- .TI.bound:flashBuf0
00057fa8    00057fa8    00000058   00000058    r--
  00057fa8    00057fa8    00000058   00000058    r-- .ccfg
20000100    20000100    0000000c   00000000    rw-
  20000100    20000100    00000004   00000000    rw- .data:xdcRomConstPtr
  20000104    20000104    00000004   00000000    rw- .data:xdcRomExternFuncPtr
  20000108    20000108    00000004   00000000    rw- .data:xdcRomStatePtr
20000fe0    20000fe0    0000241a   00000000    rw-
  20000fe0    20000fe0    00000fe7   00000000    rw- .data
  20001fc8    20001fc8    00001432   00000000    rw- .bss
20013c00    20013c00    00000400   00000000    rw-
  20013c00    20013c00    00000400   00000000    rw- .stack


SECTION ALLOCATION MAP

 output                                  attributes/
section   page    origin      length       input sections
--------  ----  ----------  ----------   ----------------
.cinit     0    00019a18    000005e0     
                  00019a18    0000058b     (.cinit..data.load) [load image, compression = lzss]
                  00019fa3    00000001     --HOLE-- [fill = 0]
                  00019fa4    0000000c     (__TI_handler_table)
                  00019fb0    00000008     (.cinit..bss.load) [load image, compression = zero_init]
                  00019fb8    00000008     (.cinit..data:xdcRomConstPtr.load) [load image, compression = lzss]
                  00019fc0    00000008     (.cinit..data:xdcRomExternFuncPtr.load) [load image, compression = lzss]
                  00019fc8    00000008     (.cinit..data:xdcRomStatePtr.load) [load image, compression = lzss]
                  00019fd0    00000028     (__TI_cinit_table)

.init_array 
*          0    00000000    00000000     UNINITIALIZED

.ccfg      0    00057fa8    00000058     
                  00057fa8    00000058     ti_devices_config.obj (.ccfg:retain)

.data:xdcRomConstPtr 
*          0    20000100    00000004     UNINITIALIZED
                  20000100    00000004     simple_peripheral_app_pem4f.oem4f (.data:xdcRomConstPtr)

.data:xdcRomExternFuncPtr 
*          0    20000104    00000004     UNINITIALIZED
                  20000104    00000004     simple_peripheral_app_pem4f.oem4f (.data:xdcRomExternFuncPtr)

.data:xdcRomStatePtr 
*          0    20000108    00000004     UNINITIALIZED
                  20000108    00000004     simple_peripheral_app_pem4f.oem4f (.data:xdcRomStatePtr)

.data      0    20000fe0    00000fe7     UNINITIALIZED
                  20000fe0    000001d4     devinfoservice.obj (.data:$O11$$)
                  200011b4    000001a4     simple_peripheral.obj (.data:$O3$$)
                  20001358    00000134     drivers_cc26x2.aem4f : PowerCC26X2.oem4f (.data:PowerCC26X2_module)
                  2000148c    00000124     simple_gatt_profile.obj (.data:$O13$$)
                  200015b0    0000010c     simple_peripheral_app_pem4f.oem4f (.data:ROM_stateStruct)
                  200016bc    000000f4     StackWrapper.a : gapbondmgr.o (.data)
                  200017b0    000000b0     OneLib.a : gapgattserver.o (.data)
                  20001860    0000009c     icall.obj (.data:$O15$$)
                  200018fc    00000094     ti_ble_config.obj (.data:$O1$$)
                  20001990    00000060     nvocmp.obj (.data:$O6$$)
                  200019f0    00000060     OneLib.a : ll_config.o (.data)
                  20001a50    00000050     ti_radio_config.obj (.data:txPowerTable_2400_pa5)
                  20001aa0    0000004c     simple_peripheral_app_pem4f.oem4f (.data:ti_sysbios_knl_Task_Object__table__V)
                  20001aec    00000048     board_key.obj (.data:$O2$$)
                  20001b34    00000004     OneLib.a : ll_slave_end_causes.o (.data)
                  20001b38    00000048     simple_peripheral_app_pem4f.oem4f (.data:ti_sysbios_family_arm_cc26xx_Timer_Object__table__V)
                  20001b80    00000040     OneLib.a : gattservapp.o (.data)
                  20001bc0    00000040     ble_user_config.obj (.data:eccParams_NISTP256)
                  20001c00    0000003c     icall_user_config.obj (.data:nvintfFncStruct)
                  20001c3c    00000038     simple_peripheral_app_pem4f.oem4f (.data:ti_sysbios_gates_GateMutex_Object__table__V)
                  20001c74    00000030     simple_peripheral_app_pem4f.oem4f (.data:ti_sysbios_knl_Swi_Module_State_0_readyQ__A)
                  20001ca4    00000030     simple_peripheral_app_pem4f.oem4f (.data:ti_sysbios_knl_Swi_Object__table__V)
                  20001cd4    00000030     simple_peripheral_app_pem4f.oem4f (.data:ti_sysbios_knl_Task_Module_State_0_readyQ__A)
                  20001d04    0000002c     ti_radio_config.obj (.data:pOverrides_bleCommon)
                  20001d30    00000024     driverlib.lib : osc.obj (.data:$O21$$)
                  20001d54    00000004     StackWrapper.a : hal_assert.o (.data)
                  20001d58    00000020     drivers_cc26x2.aem4f : TRNGCC26XX.oem4f (.data:entropyPoolBuffer)
                  20001d78    00000020     simple_peripheral_app_pem4f.oem4f (.data:ti_sysbios_knl_Clock_Object__table__V)
                  20001d98    00000020     simple_peripheral_app_pem4f.oem4f (.data:xdc_runtime_Error_IgnoreBlock)
                  20001db8    00000018     simple_peripheral_app_pem4f.oem4f (.data:ti_sysbios_family_arm_m3_Hwi_Object__table__V)
                  20001dd0    00000014     two_btn_menu.obj (.data:$O5$$)
                  20001de4    00000011     simple_gatt_profile.obj (.data:simpleProfileChar1UserDesp$19)
                  20001df5    00000011     simple_gatt_profile.obj (.data:simpleProfileChar2UserDesp$19)
                  20001e06    00000011     simple_gatt_profile.obj (.data:simpleProfileChar3UserDesp$19)
                  20001e17    00000011     simple_gatt_profile.obj (.data:simpleProfileChar4UserDesp$19)
                  20001e28    00000011     simple_gatt_profile.obj (.data:simpleProfileChar5UserDesp$19)
                  20001e39    00000001     OneLib.a : gapgattserver.o (.data)
                  20001e3a    00000002              : ll_config.o (.data)
                  20001e3c    00000010              : gattservapp.o (.data)
                  20001e4c    00000010              : ll.o (.data)
                  20001e5c    00000010              : ll_data.o (.data)
                  20001e6c    00000010     StackWrapper.a : osal.o (.data)
                  20001e7c    00000010     icall_user_config.obj (.data:bleAppServiceInfoTable)
                  20001e8c    00000010     ti_radio_config.obj (.data:pOverrides_ble2Mbps)
                  20001e9c    00000010     ti_radio_config.obj (.data:pOverrides_bleCoded)
                  20001eac    00000010     main.obj (.data:user0Cfg)
                  20001ebc    0000000c     ti_radio_config.obj (.data:pOverrides_ble1Mbps)
                  20001ec8    0000000c     simple_peripheral_app_pem4f.oem4f (.data:ti_sysbios_heaps_HeapCallback_Object__table__V)
                  20001ed4    00000009     devinfoservice.obj (.data)
                  20001edd    00000001     OneLib.a : gapgattserver.o (.data)
                  20001ede    00000002     StackWrapper.a : osal_cbtimer.o (.data)
                  20001ee0    00000008     icall_cc2650.obj (.data:$O17$$)
                  20001ee8    00000008     ble_user_config.obj (.data:$O18$$)
                  20001ef0    00000008     icall_api_lite.obj (.data:$O19$$)
                  20001ef8    00000008     rtsv7M4_T_le_v4SPD16_eabi.lib : _lock.c.obj (.data:$O24$$)
                  20001f00    00000008     OneLib.a : gapgattserver.o (.data)
                  20001f08    00000008     drivers_cc26x2.aem4f : PINCC26XX.oem4f (.data)
                  20001f10    00000008     icall_api_lite.obj (.data)
                  20001f18    00000008     drivers_cc26x2.aem4f : TRNGCC26XX.oem4f (.data:jobList)
                  20001f20    00000008     simple_peripheral_app_pem4f.oem4f (.data:ti_sysbios_family_arm_m3_Hwi_Module__root__V)
                  20001f28    00000008     simple_peripheral_app_pem4f.oem4f (.data:ti_sysbios_gates_GateHwi_Module__root__V)
                  20001f30    00000008     simple_peripheral_app_pem4f.oem4f (.data:ti_sysbios_gates_GateMutexPri_Module__root__V)
                  20001f38    00000008     simple_peripheral_app_pem4f.oem4f (.data:ti_sysbios_gates_GateMutex_Module__root__V)
                  20001f40    00000008     simple_peripheral_app_pem4f.oem4f (.data:ti_sysbios_hal_Hwi_Module__root__V)
                  20001f48    00000008     simple_peripheral_app_pem4f.oem4f (.data:ti_sysbios_heaps_HeapCallback_Module__root__V)
                  20001f50    00000008     simple_peripheral_app_pem4f.oem4f (.data:ti_sysbios_heaps_HeapMem_Module__root__V)
                  20001f58    00000008     simple_peripheral_app_pem4f.oem4f (.data:ti_sysbios_knl_Clock_Module__root__V)
                  20001f60    00000008     simple_peripheral_app_pem4f.oem4f (.data:ti_sysbios_knl_Event_Module__root__V)
                  20001f68    00000008     simple_peripheral_app_pem4f.oem4f (.data:ti_sysbios_knl_Mailbox_Module__root__V)
                  20001f70    00000008     simple_peripheral_app_pem4f.oem4f (.data:ti_sysbios_knl_Queue_Module__root__V)
                  20001f78    00000008     simple_peripheral_app_pem4f.oem4f (.data:ti_sysbios_knl_Semaphore_Module__root__V)
                  20001f80    00000008     simple_peripheral_app_pem4f.oem4f (.data:ti_sysbios_knl_Swi_Module__root__V)
                  20001f88    00000008     simple_peripheral_app_pem4f.oem4f (.data:ti_sysbios_knl_Task_Module__root__V)
                  20001f90    00000005     simple_gatt_profile.obj (.data)
                  20001f95    00000002     drivers_cc26x2.aem4f : CryptoResourceCC26XX.oem4f (.data)
                  20001f97    00000001     OneLib.a : gapgattserver.o (.data)
                  20001f98    00000004     ble_user_config_stack.obj (.data)
                  20001f9c    00000004     rtsv7M4_T_le_v4SPD16_eabi.lib : stkdepth_vars.c.obj (.data)
                  20001fa0    00000004     simple_peripheral_app_pem4f.oem4f (.data:ti_sysbios_family_arm_m3_Hwi_Module_State_0_excContext__A)
                  20001fa4    00000004     simple_peripheral_app_pem4f.oem4f (.data:ti_sysbios_family_arm_m3_Hwi_Module_State_0_excStack__A)
                  20001fa8    00000004     simple_peripheral_app_pem4f.oem4f (.data:ti_sysbios_knl_Task_Module_State_0_idleTask__A)
                  20001fac    00000002     drivers_cc26x2.aem4f : PKAResourceCC26XX.oem4f (.data)
                  20001fae    00000002                          : TRNGCC26XX.oem4f (.data)
                  20001fb0    00000002     simple_peripheral_app_pem4f.oem4f (.data:ti_sysbios_family_arm_m3_Hwi_Module_State_0_excActive__A)
                  20001fb2    00000001     OneLib.a : gapgattserver.o (.data)
                  20001fb3    00000001              : gapgattserver.o (.data)
                  20001fb4    00000001              : gapgattserver.o (.data)
                  20001fb5    00000001              : gattservapp.o (.data)
                  20001fb6    00000001              : gattservapp.o (.data)
                  20001fb7    00000001              : ll_ae.o (.data)
                  20001fb8    00000001              : ll_data.o (.data)
                  20001fb9    00000001              : ll_scheduler.o (.data)
                  20001fba    00000001     StackWrapper.a : gap.o (.data)
                  20001fbb    00000001                    : gap.o (.data)
                  20001fbc    00000001                    : hal_assert.o (.data)
                  20001fbd    00000001     simple_peripheral.obj (.data:argPeriodic)
                  20001fbe    00000001     simple_peripheral.obj (.data:argRpaRead)
                  20001fbf    00000001     drivers_cc26x2.aem4f : AESCCMCC26XX.oem4f (.data)
                  20001fc0    00000001                          : AESCTRCC26XX.oem4f (.data)
                  20001fc1    00000001                          : AESCTRDRBGXX.oem4f (.data)
                  20001fc2    00000001                          : AESECBCC26XX.oem4f (.data)
                  20001fc3    00000001                          : ECDHCC26X2.oem4f (.data)
                  20001fc4    00000001                          : NVS.oem4f (.data)
                  20001fc5    00000001                          : UART.oem4f (.data)
                  20001fc6    00000001     rf_multiMode_cc26x2.aem4f : rf_patch_cpe_bt5.c.cc26x2.ccs.o (.data)

.bss       0    20001fc8    00001432     UNINITIALIZED
                  20001fc8    000004b8     rf_multiMode_cc26x2.aem4f : RFCC26X2_multiMode.c.cc26x2.ccs.o (.bss:$O1$$)
                  20002480    00000400     (.common:spTaskStack)
                  20002880    00000300     simple_peripheral_app_pem4f.oem4f (.bss:taskStackSection)
                  20002b80    00000130     (.common:uartCC26XXObjects)
                  20002cb0    000000d8     (.common:ti_sysbios_family_arm_m3_Hwi_dispatchTable)
                  20002d88    00000080     ti_drivers_config.obj (.bss:displayUARTBuffer)
                  20002e08    0000007c     (.common:pinHandleTable)
                  20002e84    00000078     StackWrapper.a : osal_cbtimer.o (.bss)
                  20002efc    00000064     simple_peripheral_menu.obj (.bss:$O4$$)
                  20002f60    00000058     (.common:aesctrdrbgXXObjects)
                  20002fb8    0000004c     (.common:trngCC26XXObjects)
                  20003004    0000003c     StackWrapper.a : osal_snv_wrapper.o (.bss)
                  20003040    00000034     drivers_cc26x2.aem4f : PINCC26XX.oem4f (.bss:pinSwi)
                  20003074    00000020     OneLib.a : gattservapp.o (.bss)
                  20003094    00000020              : ll.o (.bss)
                  200030b4    00000020     StackWrapper.a : gapbondmgr.o (.bss)
                  200030d4    00000020                    : gapbondmgr.o (.bss)
                  200030f4    00000020     drivers_cc26x2.aem4f : PINCC26XX.oem4f (.bss:pinGpioConfigTable)
                  20003114    00000020     ti_drivers_config.obj (.bss:uartCC26XXRingBuffer0)
                  20003134    00000020     (.common:ecdhCC26X2Objects)
                  20003154    0000001c     drivers_cc26x2.aem4f : TRNGCC26XX.oem4f (.bss:TRNGCC26XX_hwi)
                  20003170    0000001c                          : TRNGCC26XX.oem4f (.bss:entropyPool)
                  2000318c    0000001c                          : PINCC26XX.oem4f (.bss:pinHwi)
                  200031a8    0000001c                          : PINCC26XX.oem4f (.bss:pinSemaphore)
                  200031c4    0000001c     (.common:CryptoResourceCC26XX_accessSemaphore)
                  200031e0    0000001c     (.common:CryptoResourceCC26XX_hwi)
                  200031fc    0000001c     (.common:CryptoResourceCC26XX_operationSemaphore)
                  20003218    0000001c     (.common:PKAResourceCC26XX_accessSemaphore)
                  20003234    0000001c     (.common:PKAResourceCC26XX_hwi)
                  20003250    0000001c     (.common:PKAResourceCC26XX_operationSemaphore)
                  2000326c    00000018     OneLib.a : gapgattserver.o (.bss)
                  20003284    00000018              : ll_common.o (.bss)
                  2000329c    00000018     (.common:aesccmCC26XXObjects)
                  200032b4    00000018     (.common:aesctrCC26XXObjects)
                  200032cc    00000018     (.common:aesecbCC26XXObjects)
                  200032e4    00000014     rf_multiMode_cc26x2.aem4f : RFCC26X2_multiMode.c.cc26x2.ccs.o (.bss:RF_ratSyncCmd)
                  200032f8    00000014     drivers_cc26x2.aem4f : Random.oem4f (.bss:state)
                  2000330c    00000010     util.obj (.bss:str$1$8)
                  2000331c    0000000c     OneLib.a : ll.o (.bss)
                  20003328    0000000c              : ll.o (.bss)
                  20003334    0000000c              : ll_scheduler.o (.bss)
                  20003340    0000000c     drivers_cc26x2.aem4f : NVSCC26XX.oem4f (.bss)
                  2000334c    0000000c     (.common:displayUartObject)
                  20003358    00000008     OneLib.a : ll.o (.bss)
                  20003360    00000004              : gapgattserver.o (.bss)
                  20003364    00000004              : gattservapp.o (.bss)
                  20003368    00000004              : ll.o (.bss)
                  2000336c    00000004              : ll.o (.bss)
                  20003370    00000004              : ll.o (.bss)
                  20003374    00000004              : ll.o (.bss)
                  20003378    00000004              : ll.o (.bss)
                  2000337c    00000004              : ll_ae.o (.bss)
                  20003380    00000004              : ll_common.o (.bss)
                  20003384    00000004              : ll_enc.o (.bss)
                  20003388    00000004              : ll_privacy.o (.bss)
                  2000338c    00000004     StackWrapper.a : gapbondmgr.o (.bss)
                  20003390    00000004                    : gapbondmgr.o (.bss)
                  20003394    00000004                    : osal.o (.bss)
                  20003398    00000004                    : osal.o (.bss)
                  2000339c    00000004                    : osal.o (.bss)
                  200033a0    00000004                    : osal.o (.bss)
                  200033a4    00000004                    : osal.o (.bss)
                  200033a8    00000004                    : osal.o (.bss)
                  200033ac    00000004                    : osal_bufmgr.o (.bss)
                  200033b0    00000004                    : osal_clock.o (.bss)
                  200033b4    00000004                    : osal_clock.o (.bss)
                  200033b8    00000004                    : osal_timers.o (.bss)
                  200033bc    00000004                    : osal_timers.o (.bss)
                  200033c0    00000004                    : osal_timers.o (.bss)
                  200033c4    00000004     drivers_cc26x2.aem4f : ECDHCC26X2.oem4f (.bss)
                  200033c8    00000004                          : PINCC26XX.oem4f (.bss)
                  200033cc    00000004     (.common:PowerCC26XX_swiKey)
                  200033d0    00000004     (.common:PowerCC26XX_taskKey)
                  200033d4    00000004     (.common:nvsCC26XXObjects)
                  200033d8    00000004     (.common:tasksEvents)
                  200033dc    00000002     OneLib.a : gapgattserver.o (.bss)
                  200033de    00000002              : ll.o (.bss)
                  200033e0    00000002              : ll_slave_end_causes.o (.bss)
                  200033e2    00000002     StackWrapper.a : osal_pwrmgr.o (.bss)
                  200033e4    00000001     OneLib.a : gapgattserver.o (.bss)
                  200033e5    00000001              : gattservapp.o (.bss)
                  200033e6    00000001              : hci_tl.o (.bss)
                  200033e7    00000001              : hci_tl.o (.bss)
                  200033e8    00000001              : hci_tl.o (.bss)
                  200033e9    00000001              : hci_tl.o (.bss)
                  200033ea    00000001              : hci_tl.o (.bss)
                  200033eb    00000001              : hci_tl.o (.bss)
                  200033ec    00000001              : ll.o (.bss)
                  200033ed    00000001              : ll.o (.bss)
                  200033ee    00000001              : ll_ae.o (.bss)
                  200033ef    00000001              : ll_config.o (.bss)
                  200033f0    00000001              : ll_config.o (.bss)
                  200033f1    00000001              : ll_enc.o (.bss)
                  200033f2    00000001     StackWrapper.a : ble_dispatch_lite.o (.bss)
                  200033f3    00000001                    : gapbondmgr.o (.bss)
                  200033f4    00000001                    : gapbondmgr.o (.bss)
                  200033f5    00000001                    : hal_assert.o (.bss)
                  200033f6    00000001                    : osal.o (.bss)
                  200033f7    00000001                    : osal_pwrmgr.o (.bss)
                  200033f8    00000001     rf_multiMode_cc26x2.aem4f : RFCC26X2_multiMode.c.cc26x2.ccs.o (.bss)
                  200033f9    00000001     (.common:driverlib_release_0_57398)

.vtable    0    200033fa    00000000     UNINITIALIZED

.vtable_ram 
*          0    200033fa    00000000     UNINITIALIZED

vtable_ram 
*          0    200033fa    00000000     UNINITIALIZED

.sysmem    0    200033fa    00000000     UNINITIALIZED

.nonretenvar 
*          0    200033fa    00000000     UNINITIALIZED

.stack     0    20013c00    00000400     UNINITIALIZED
                  20013c00    00000400     --HOLE--

.bootVecs 
*          0    00000000    00000008     DSECT
                  00000000    00000008     boot.aem4f : boot.oem4f (.bootVecs)

.resetVecs 
*          0    00000000    0000003c     
                  00000000    0000003c     simple_peripheral_app_pem4f.oem4f (.resetVecs)

.vecs      0    20000000    000000d8     NOLOAD SECTION
                  20000000    000000d8     simple_peripheral_app_pem4f.oem4f (.vecs)

xdc.meta   0    00000000    00000136     COPY SECTION
                  00000000    00000136     simple_peripheral_app_pem4f.oem4f (xdc.meta)

xdc.noload 
*          0    00000000    00000000     COPY SECTION

.TI.bound:flashBuf0 
*          0    00048000    00004000     UNINITIALIZED
                  00048000    00004000     ti_drivers_config.obj (.TI.bound:flashBuf0)

.text      0    0000003c    000178e4     
                  0000003c    00000cd4     simple_peripheral.obj (.text:SimplePeripheral_taskFxn$5)
                  00000d10    000009b4     StackWrapper.a : gapbondmgr.o (.text)
                  000016c4    00000758                    : gapbondmgr.o (.text)
                  00001e1c    000006bc     OneLib.a : ll_adv_end_causes.o (.text)
                  000024d8    00000518     simple_peripheral.obj (.text:SimplePeripheral_processGapMessage$5)
                  000029f0    000004e0     OneLib.a : ll_slave_end_causes.o (.text)
                  00002ed0    000004a4     rf_multiMode_cc26x2.aem4f : RFCC26X2_multiMode.c.cc26x2.ccs.o (.text:RF_fsmActiveState)
                  00003374    00000482     nvocmp.obj (.text:NVOCMP_initNv$10)
                  000037f6    00000002     ble_user_config.obj (.text:DefaultAssertCback)
                  000037f8    00000464     OneLib.a : ll.o (.text)
                  00003c5c    00000450              : ll_isr.o (.text)
                  000040ac    0000044c              : ll_ae.o (.text)
                  000044f8    000003c4              : ble.o (.text)
                  000048bc    00000388              : ll_slave_end_causes.o (.text)
                  00004c44    00000350              : ll_isr.o (.text)
                  00004f94    00000308              : ll.o (.text)
                  0000529c    000002f4              : ll_ae.o (.text)
                  00005590    000002c0     nvocmp.obj (.text:NVOCMP_compactPage$10)
                  00005850    00000278     nvocmp.obj (.text:NVOCMP_compact$10)
                  00005ac8    0000025c     StackWrapper.a : gapbondmgr.o (.text)
                  00005d24    00000254     nvocmp.obj (.text:NVOCMP_addItem$10)
                  00005f78    00000250     OneLib.a : ll_data.o (.text)
                  000061c8    0000024c     StackWrapper.a : gapbondmgr.o (.text)
                  00006414    00000240     OneLib.a : ll_ae.o (.text)
                  00006654    0000023c              : ll_common.o (.text)
                  00006890    00000230              : ll_scheduler.o (.text)
                  00006ac0    00000214              : ll_ae.o (.text)
                  00006cd4    00000210     rf_multiMode_cc26x2.aem4f : RFCC26X2_multiMode.c.cc26x2.ccs.o (.text:RF_scheduleCmd)
                  00006ee4    00000204     OneLib.a : gattservapp.o (.text)
                  000070e8    00000204              : ll_isr.o (.text)
                  000072ec    00000200     rf_multiMode_cc26x2.aem4f : RFCC26X2_multiMode.c.cc26x2.ccs.o (.text:RF_open)
                  000074ec    000001fc     OneLib.a : ll_scheduler.o (.text)
                  000076e8    000001ec              : ll_isr.o (.text)
                  000078d4    000001e0     osal_icall_ble.obj (.text:stack_main)
                  00007ab4    000001dc     StackWrapper.a : osal.o (.text)
                  00007c90    000001d4     rf_multiMode_cc26x2.aem4f : RFCC26X2_multiMode.c.cc26x2.ccs.o (.text:RF_dispatchNextCmd)
                  00007e64    000001d0     drivers_cc26x2.aem4f : ECDHCC26X2.oem4f (.text:ECDHCC26X2_runFSM)
                  00008034    000001c4     OneLib.a : ll.o (.text)
                  000081f8    000001c4     drivers_cc26x2.aem4f : PINCC26XX.oem4f (.text:PIN_init)
                  000083bc    000001bc     main.obj (.text:AssertHandler)
                  00008578    00000198     drivers_cc26x2.aem4f : PowerCC26X2.oem4f (.text:Power_sleep)
                  00008710    00000194                          : PowerCC26X2.oem4f (.text:Power_init)
                  000088a4    00000190                          : PowerCC26X2_calibrateRCOSC.oem4f (.text:calibrateRcoscHf1)
                  00008a34    0000018c                          : PowerCC26X2_calibrateRCOSC.oem4f (.text:runCalibrateFsm)
                  00008bc0    00000184     icall.obj (.text:icall_directAPI)
                  00008d44    00000178     simple_peripheral.obj (.text:SimplePeripheral_doAutoConnect)
                  00008ebc    00000174     OneLib.a : gattservapp.o (.text)
                  00009030    00000174              : ll_isr.o (.text)
                  000091a4    00000164     drivers_cc26x2.aem4f : UARTCC26XX.oem4f (.text:UARTCC26XX_open)
                  00009308    00000162     StackWrapper.a : osal.o (.text)
                  0000946a    00000002     display.aem4f : DisplayUart.oem4f (.text:DisplayUartAnsi_init)
                  0000946c    00000160     driverlib.lib : sys_ctrl.obj (.text:NOROM_SysCtrlStandby)
                  000095cc    00000154     nvocmp.obj (.text:NVOCMP_migratePage$10)
                  00009720    00000154     drivers_cc26x2.aem4f : UARTCC26XX.oem4f (.text:UARTCC26XX_hwiIntFxn)
                  00009874    0000014c     OneLib.a : ll_common.o (.text)
                  000099c0    0000014c              : ll_isr.o (.text)
                  00009b0c    00000148     rf_multiMode_cc26x2.aem4f : RFCC26X2_multiMode.c.cc26x2.ccs.o (.text:RF_fsmSetupState)
                  00009c54    00000144     StackWrapper.a : gap.o (.text)
                  00009d98    00000140     OneLib.a : gattservapp.o (.text)
                  00009ed8    0000013c     rf_multiMode_cc26x2.aem4f : RFCC26X2_multiMode.c.cc26x2.ccs.o (.text:RF_ratSetupChannel)
                  0000a014    0000013a     drivers_cc26x2.aem4f : UARTCC26XX.oem4f (.text:UARTCC26XX_read)
                  0000a14e    00000002     rom_init.obj (.text:MAP_llDmmDynamicFree)
                  0000a150    00000138     nvocmp.obj (.text:NVOCMP_findItem$10)
                  0000a288    00000138     drivers_cc26x2.aem4f : NVSCC26XX.oem4f (.text:NVSCC26XX_write)
                  0000a3c0    00000134     rf_multiMode_cc26x2.aem4f : RFCC26X2_multiMode.c.cc26x2.ccs.o (.text:RF_abortCmd)
                  0000a4f4    00000130     drivers_cc26x2.aem4f : AESCCMCC26XX.oem4f (.text:AESCCM_startOperation)
                  0000a624    00000130     OneLib.a : ll_ae.o (.text)
                  0000a754    0000012c              : gap_advertiser.o (.text)
                  0000a880    00000124              : ll_scheduler.o (.text)
                  0000a9a4    00000120              : ll_common.o (.text)
                  0000aac4    00000120              : ll_data.o (.text)
                  0000abe4    00000120     drivers_cc26x2.aem4f : PowerCC26X2.oem4f (.text:configureXOSCHF)
                  0000ad04    0000011c     rf_multiMode_cc26x2.aem4f : RFCC26X2_multiMode.c.cc26x2.ccs.o (.text:RF_radioOpDoneCb)
                  0000ae20    00000112                               : RFCC26X2_multiMode.c.cc26x2.ccs.o (.text:RF_decodeOverridePointers)
                  0000af32    00000002     rom_init.obj (.text:MAP_llDmmSetThreshold)
                  0000af34    00000110     rf_multiMode_cc26x2.aem4f : RFCC26X2_multiMode.c.cc26x2.ccs.o (.text:RF_initRadioSetup)
                  0000b044    0000010c     OneLib.a : gatt_client.o (.text)
                  0000b150    00000108              : gap_task.o (.text)
                  0000b258    00000106     simple_peripheral_app_pem4f.oem4f (.text:xdc_runtime_System_printfExtend__I)
                  0000b35e    00000002     rf_multiMode_cc26x2.aem4f : rfc.c.cc26x2.ccs.o (.text:NOROM_RFCCpePatchReset)
                  0000b360    00000104     drivers_cc26x2.aem4f : AESECBCC26XX.oem4f (.text:AESECB_startOperation)
                  0000b464    00000104     rf_multiMode_cc26x2.aem4f : RFCC26X2_multiMode.c.cc26x2.ccs.o (.text:RF_hwiCpe0Active)
                  0000b568    00000104     simple_peripheral.obj (.text:SimplePeripheral_doSetConnPhy)
                  0000b66c    000000f8     OneLib.a : sm_rsppairing.o (.text)
                  0000b764    000000f8     drivers_cc26x2.aem4f : PINCC26XX.oem4f (.text:PINCC26XX_setIoCfg)
                  0000b85c    000000f4                          : AESCTRCC26XX.oem4f (.text:AESCTR_startOperation)
                  0000b950    000000f4                          : ECDHCC26X2.oem4f (.text:ECDH_computeSharedSecret)
                  0000ba44    000000f4     OneLib.a : ll_isr.o (.text)
                  0000bb38    000000f4     two_btn_menu.obj (.text:tbm_displayItemPage)
                  0000bc2c    000000f0     OneLib.a : ll_common.o (.text)
                  0000bd1c    000000f0              : ll_scheduler.o (.text)
                  0000be0c    000000f0     rf_multiMode_cc26x2.aem4f : RFCC26X2_multiMode.c.cc26x2.ccs.o (.text:RF_fsmPowerUpState)
                  0000befc    000000ec     nvocmp.obj (.text:NVOCMP_cleanPage$10)
                  0000bfe8    000000e4     OneLib.a : gapgattserver.o (.text)
                  0000c0cc    000000e4              : ll_ae.o (.text)
                  0000c1b0    000000e0     StackWrapper.a : osal_timers.o (.text)
                  0000c290    000000e0     drivers_cc26x2.aem4f : UARTCC26XX.oem4f (.text:UARTCC26XX_write)
                  0000c370    000000d8     driverlib.lib : setup.obj (.text:NOROM_SetupTrimDevice)
                  0000c448    000000d8     rf_multiMode_cc26x2.aem4f : RFCC26X2_multiMode.c.cc26x2.ccs.o (.text:RF_control)
                  0000c520    000000d8     driverlib.lib : setup.obj (.text:TrimAfterColdResetWakeupFromShutDown$34)
                  0000c5f8    000000d4     rf_multiMode_cc26x2.aem4f : RFCC26X2_multiMode.c.cc26x2.ccs.o (.text:RF_pendCmd)
                  0000c6cc    000000d2                               : RFCC26X2_multiMode.c.cc26x2.ccs.o (.text:RF_updatePaConfiguration)
                  0000c79e    00000002     OneLib.a : ll.o (.text)
                  0000c7a0    000000d0     rf_multiMode_cc26x2.aem4f : RFCC26X2_multiMode.c.cc26x2.ccs.o (.text:RF_swiHw)
                  0000c870    000000d0     simple_peripheral.obj (.text:SimplePeripheral_menuSwitchCb$5)
                  0000c940    000000d0     simple_peripheral.obj (.text:SimplePeripheral_processParamUpdate$5)
                  0000ca10    000000cc     OneLib.a : hci_event.o (.text)
                  0000cadc    000000cc     StackWrapper.a : osal.o (.text)
                  0000cba8    000000cc     main.obj (.text:main)
                  0000cc74    000000c8     OneLib.a : gap_scanner.o (.text)
                  0000cd3c    000000c8              : gapgattserver.o (.text)
                  0000ce04    000000c8              : ll_scheduler.o (.text)
                  0000cecc    000000c0     nvocmp.obj (.text:NVOCMP_erase$10)
                  0000cf8c    000000c0     OneLib.a : ll.o (.text)
                  0000d04c    000000c0     drivers_cc26x2.aem4f : PowerCC26X2.oem4f (.text:Power_releaseDependency)
                  0000d10c    000000c0     simple_gatt_profile.obj (.text:SimpleProfile_SetParameter)
                  0000d1cc    000000c0     drivers_cc26x2.aem4f : UARTCC26XX.oem4f (.text:UARTCC26XX_initIO)
                  0000d28c    000000bc                          : AESCTRDRBGXX.oem4f (.text:AESCTRDRBG_getBytes)
                  0000d348    000000bc     OneLib.a : ll_ecc.o (.text)
                  0000d404    000000b8              : ll.o (.text)
                  0000d4bc    000000b8              : ll_isr.o (.text)
                  0000d574    000000b8              : ll_scheduler.o (.text)
                  0000d62c    000000b8              : ll_scheduler.o (.text)
                  0000d6e4    000000b8              : ll_slave_end_causes.o (.text)
                  0000d79c    000000b8     drivers_cc26x2.aem4f : PowerCC26X2.oem4f (.text:Power_setDependency)
                  0000d854    000000b8     StackWrapper.a : gapbondmgr.o (.text)
                  0000d90c    000000b8     drivers_cc26x2.aem4f : UARTCC26XX.oem4f (.text:UARTCC26XX_initHw)
                  0000d9c4    000000b4                          : ECDHCC26X2.oem4f (.text:ECDH_generatePublicKey)
                  0000da78    000000b4     OneLib.a : ll_ae.o (.text)
                  0000db2c    000000b4     dpl_cc26x2.aem4f : PowerCC26X2_tirtos.oem4f (.text:PowerCC26XX_standbyPolicy)
                  0000dbe0    000000b4     drivers_cc26x2.aem4f : TRNGCC26XX.oem4f (.text:TRNG_generateEntropy)
                  0000dc94    000000b0                          : AESCTRDRBGXX.oem4f (.text:AESCTRDRBG_construct)
                  0000dd44    000000b0     devinfoservice.obj (.text:devInfo_ReadAttrCB$16)
                  0000ddf4    000000ac     display.aem4f : DisplayUart.oem4f (.text:DisplayUartAnsi_clearLines)
                  0000dea0    000000ac     drivers_cc26x2.aem4f : ECDHCC26X2.oem4f (.text:ECDHCC26X2_hwiFxn)
                  0000df4c    000000ac                          : PINCC26XX.oem4f (.text:PIN_open)
                  0000dff8    000000a8     nvocmp.obj (.text:NVOCMP_initNvApi$10)
                  0000e0a0    000000a8     OneLib.a : hci_data.o (.text)
                  0000e148    000000a8     StackWrapper.a : gapbondmgr.o (.text)
                  0000e1f0    000000a7     display.aem4f : DisplayUart.oem4f (.text:DisplayUartAnsi_open)
                  0000e297    00000001     --HOLE-- [fill = 0]
                  0000e298    000000a6     drivers_cc26x2.aem4f : AESCTRDRBGXX.oem4f (.text:AESCTRDRBG_reseed)
                  0000e33e    00000002     OneLib.a : ll.o (.text)
                  0000e340    000000a4     rf_multiMode_cc26x2.aem4f : RFCC26X2_multiMode.c.cc26x2.ccs.o (.text:RF_ratRestartChannels)
                  0000e3e4    000000a4     StackWrapper.a : osal_cbtimer.o (.text)
                  0000e488    000000a0     OneLib.a : gattservapp.o (.text)
                  0000e528    000000a0              : ll_ae.o (.text)
                  0000e5c8    000000a0              : ll_common.o (.text)
                  0000e668    000000a0     auto_init.aem4f : auto_init.oem4f (.text)
                  0000e708    000000a0     rom_sysbios.aem4f : rom_sysbios.obj (.text:ti_sysbios_knl_Task_setPri__E)
                  0000e7a8    0000009f     display.aem4f : DisplayUart.oem4f (.text:DisplayUartAnsi_vprintf)
                  0000e847    00000001     --HOLE-- [fill = 0]
                  0000e848    0000009c     nvocmp.obj (.text:NVOCMP_readHeader$10)
                  0000e8e4    0000009c     OneLib.a : ll_common.o (.text)
                  0000e980    0000009c              : ll_ecc.o (.text)
                  0000ea1c    0000009c     rtsv7M4_T_le_v4SPD16_eabi.lib : memcpy_t2.asm.obj (.text)
                  0000eab8    00000098     OneLib.a : gattservapp.o (.text)
                  0000eb50    00000098              : hci_event.o (.text)
                  0000ebe8    00000098              : ll_enc.o (.text)
                  0000ec80    00000098     rf_multiMode_cc26x2.aem4f : RFCC26X2_multiMode.c.cc26x2.ccs.o (.text:RF_calculateDispatchTime)
                  0000ed18    00000098     drivers_cc26x2.aem4f : UARTCC26XX.oem4f (.text:writeTxFifoFlush)
                  0000edb0    00000096     rtsv7M4_T_le_v4SPD16_eabi.lib : ull_div_t2.asm.obj (.text)
                  0000ee46    00000002     rf_multiMode_cc26x2.aem4f : RFCC26X2_multiMode.c.cc26x2.ccs.o (.text:RF_defaultCallback)
                  0000ee48    00000094     icall.obj (.text:ICall_setTimer)
                  0000eedc    00000094     nvocmp.obj (.text:NVOCMP_getDstPage$10)
                  0000ef70    00000094     OneLib.a : gatt_server.o (.text)
                  0000f004    00000094              : ll.o (.text)
                  0000f098    00000094              : ll_scheduler.o (.text)
                  0000f12c    00000094     rf_multiMode_cc26x2.aem4f : RFCC26X2_multiMode.c.cc26x2.ccs.o (.text:RF_getInfo)
                  0000f1c0    00000094     drivers_cc26x2.aem4f : TRNGCC26XX.oem4f (.text:TRNGCC26XX_hwiFxn)
                  0000f254    00000092                          : UARTCC26XX.oem4f (.text:UARTCC26XX_writeCancel)
                  0000f2e6    00000002     StackWrapper.a : common_rom_init.o (.text)
                  0000f2e8    00000090     CC26X2R1_LAUNCHXL_fxns.obj (.text:CC26X2R1_LAUNCHXL_shutDownExtFlash)
                  0000f378    00000090     OneLib.a : ll.o (.text)
                  0000f408    00000090              : ll_ae.o (.text)
                  0000f498    00000090              : ll_ae.o (.text)
                  0000f528    00000090     rf_multiMode_cc26x2.aem4f : RFCC26X2_multiMode.c.cc26x2.ccs.o (.text:RF_discardPendCmd)
                  0000f5b8    00000090     osal_icall_ble.obj (.text:osalInitTasks)
                  0000f648    00000090     simple_gatt_profile.obj (.text:simpleProfile_WriteAttrCB)
                  0000f6d8    0000008e     drivers_cc26x2.aem4f : CryptoUtils.oem4f (.text:CryptoUtils_reverseCopyPad)
                  0000f766    00000002     StackWrapper.a : hal_assert.o (.text)
                  0000f768    0000008c     icall.obj (.text:ICall_heapMalloc)
                  0000f7f4    0000008c     OneLib.a : ll_common.o (.text)
                  0000f880    0000008c     rom_sysbios.aem4f : rom_sysbios.obj (.text:ti_sysbios_gates_GateMutexPri_enter__E)
                  0000f90c    0000008a     drivers_cc26x2.aem4f : AESCTRDRBGXX.oem4f (.text:AESCTRDRBGXX_updateState)
                  0000f996    00000002     StackWrapper.a : hal_assert.o (.text)
                  0000f998    00000088     driverlib.lib : osc.obj (.text:NOROM_OSCHF_AttemptToSwitchToXosc)
                  0000fa20    00000088     OneLib.a : hci_event.o (.text)
                  0000faa8    00000088     rf_multiMode_cc26x2.aem4f : RFCC26X2_multiMode.c.cc26x2.ccs.o (.text:RF_cmdDispatchTime)
                  0000fb30    00000088     StackWrapper.a : osal_cbtimer.o (.text)
                  0000fbb8    00000088     drivers_cc26x2.aem4f : PowerCC26X2_calibrateRCOSC.oem4f (.text:calibrateRcoscHf2)
                  0000fc40    00000088                          : PowerCC26X2.oem4f (.text:disableLFClockQualifiers)
                  0000fcc8    00000088     gattservapp_util.obj (.text:gattServApp_SendNotiInd$18)
                  0000fd50    00000088     drivers_cc26x2.aem4f : PowerCC26X2_calibrateRCOSC.oem4f (.text:updateSubSecInc)
                  0000fdd8    00000084     rf_multiMode_cc26x2.aem4f : RFCC26X2_multiMode.c.cc26x2.ccs.o (.text:RF_issueRadioFreeCb)
                  0000fe5c    00000084                               : RFCC26X2_multiMode.c.cc26x2.ccs.o (.text:RF_verifyGap)
                  0000fee0    00000084     simple_peripheral.obj (.text:SimplePeripheral_updatePHYStat$5)
                  0000ff64    00000084     drivers_cc26x2.aem4f : UARTCC26XX.oem4f (.text:UARTCC26XX_close)
                  0000ffe8    00000080                          : NVSCC26XX.oem4f (.text:NVSCC26XX_open)
                  00010068    00000080     OneLib.a : ll_enc.o (.text)
                  000100e8    00000080     rom_sysbios.aem4f : rom_sysbios.obj (.text:ti_sysbios_family_arm_cc26xx_Timer_start__E)
                  00010168    0000007e     OneLib.a : gap_task.o (.text)
                  000101e6    00000002     StackWrapper.a : onboard.o (.text)
                  000101e8    0000007c     nvocmp.obj (.text:NVOCMP_readItemApi$10)
                  00010264    0000007c     OneLib.a : ll_enc.o (.text)
                  000102e0    0000007c     rf_multiMode_cc26x2.aem4f : RFCC26X2_multiMode.c.cc26x2.ccs.o (.text:RF_ratFreeChannel)
                  0001035c    0000007c     StackWrapper.a : gapbondmgr.o (.text)
                  000103d8    0000007a     OneLib.a : gattservapp.o (.text)
                  00010452    0000007a     rtsv7M4_T_le_v4SPD16_eabi.lib : memset_t2.asm.obj (.text)
                  000104cc    00000078     icall.obj (.text:ICall_heapInit)
                  00010544    00000078     nvocmp.obj (.text:NVOCMP_checkItem$10)
                  000105bc    00000078     nvocmp.obj (.text:NVOCMP_writeItemApi$10)
                  00010634    00000078     OneLib.a : ll_common.o (.text)
                  000106ac    00000078     StackWrapper.a : osal_cbtimer.o (.text)
                  00010724    00000076                    : gap.o (.text)
                  0001079a    00000002     rtsv7M4_T_le_v4SPD16_eabi.lib : _lock.c.obj (.text:_nop)
                  0001079c    00000074     drivers_cc26x2.aem4f : PowerCC26X2_calibrateRCOSC.oem4f (.text:PowerCC26X2_auxISR)
                  00010810    00000074                          : TRNGCC26XX.oem4f (.text:TRNG_construct)
                  00010884    00000074     rom_sysbios.aem4f : rom_sysbios.obj (.text:ti_sysbios_gates_GateMutexPri_leave__E)
                  000108f8    00000072     rf_multiMode_cc26x2.aem4f : RFCC26X2_multiMode.c.cc26x2.ccs.o (.text:RF_detachOverrides)
                  0001096a    00000002     drivers_cc26x2.aem4f : PowerCC26X2.oem4f (.text:emptyClockFunc)
                  0001096c    00000070                          : AESCCMCC26XX.oem4f (.text:AESCCM_cleanup)
                  000109dc    00000070     icall.obj (.text:ICall_heapGetStats)
                  00010a4c    00000070     rf_multiMode_cc26x2.aem4f : rfc.c.cc26x2.ccs.o (.text:NOROM_RFCAnaDivTxOverride)
                  00010abc    00000070     nvocmp.obj (.text:NVOCMP_eraseNvApi$10)
                  00010b2c    00000070     OneLib.a : gatt_server.o (.text)
                  00010b9c    00000070              : ll_common.o (.text)
                  00010c0c    00000070              : ll_enc.o (.text)
                  00010c7c    00000070     rf_multiMode_cc26x2.aem4f : RFCC26X2_multiMode.c.cc26x2.ccs.o (.text:RF_hwiHw)
                  00010cec    00000070                               : RFCC26X2_multiMode.c.cc26x2.ccs.o (.text:RF_ratDisableChannel)
                  00010d5c    00000070     drivers_cc26x2.aem4f : Random.oem4f (.text:Random_seedAutomatic)
                  00010dcc    00000070     StackWrapper.a : osal.o (.text)
                  00010e3c    0000006e     OneLib.a : gatt_server.o (.text)
                  00010eaa    0000006e     rf_multiMode_cc26x2.aem4f : RFCC26X2_multiMode.c.cc26x2.ccs.o (.text:RF_attachOverrides)
                  00010f18    0000006e                               : RFCC26X2_multiMode.c.cc26x2.ccs.o (.text:RF_howToSchedule)
                  00010f86    00000002     drivers_cc26x2.aem4f : CryptoResourceCC26XX.oem4f (.text:errorSpin)
                  00010f88    0000006d     rom_sysbios.aem4f : rom_sysbios.obj (.text:xdc_runtime_System_formatNum__I)
                  00010ff5    00000001     --HOLE-- [fill = 0]
                  00010ff6    00000002     drivers_cc26x2.aem4f : PKAResourceCC26XX.oem4f (.text:errorSpin)
                  00010ff8    0000006c     OneLib.a : ll_common.o (.text)
                  00011064    0000006c              : ll_isr.o (.text)
                  000110d0    0000006c     rf_multiMode_cc26x2.aem4f : RFCC26X2_multiMode.c.cc26x2.ccs.o (.text:RF_getCurrentTime)
                  0001113c    0000006c     simple_peripheral.obj (.text:SimplePeripheral_clearConnListEntry$5)
                  000111a8    0000006c     StackWrapper.a : osal_cbtimer.o (.text)
                  00011214    00000068     icall.obj (.text:ICall_enrollService)
                  0001127c    00000068     icall.obj (.text:ICall_send)
                  000112e4    00000068     icall.obj (.text:ICall_sendServiceComplete)
                  0001134c    00000068     driverlib.lib : osc.obj (.text:NOROM_OSCHF_SwitchToRcOscTurnOffXosc)
                  000113b4    00000068     nvocmp.obj (.text:NVOCMP_findOffset$10)
                  0001141c    00000068     nvocmp.obj (.text:NVOCMP_getFreeNvApi$10)
                  00011484    00000068     OneLib.a : gattservapp.o (.text)
                  000114ec    00000068     StackWrapper.a : osal_timers.o (.text)
                  00011554    00000068     rtsv7M4_T_le_v4SPD16_eabi.lib : copy_decompress_lzss.c.obj (.text:decompress:lzss:__TI_decompress_lzss)
                  000115bc    00000066     OneLib.a : ll_common.o (.text)
                  00011622    00000002     icall_api_lite.obj (.text:rfErrCb)
                  00011624    00000064     drivers_cc26x2.aem4f : AESCCMCC26XX.oem4f (.text:AESCCM_waitForResult)
                  00011688    00000064                          : AESCTRCC26XX.oem4f (.text:AESCTR_waitForResult)
                  000116ec    00000064                          : AESECBCC26XX.oem4f (.text:AESECB_waitForResult)
                  00011750    00000064     nvocmp.obj (.text:NVOCMP_copyItem$10)
                  000117b4    00000064     nvocmp.obj (.text:NVOCMP_findSignature$10)
                  00011818    00000064     OneLib.a : gapgattserver.o (.text)
                  0001187c    00000064              : gattservapp.o (.text)
                  000118e0    00000064     rf_multiMode_cc26x2.aem4f : RFCC26X2_multiMode.c.cc26x2.ccs.o (.text:RF_dispatchNextEvent)
                  00011944    00000064     drivers_cc26x2.aem4f : UARTCC26XX.oem4f (.text:UARTCC26XX_control)
                  000119a8    00000062     gattservapp_util.obj (.text:GATTServApp_ProcessCCCWriteReq)
                  00011a0a    00000062     StackWrapper.a : icall_lite_translation.o (.text)
                  00011a6c    00000062     drivers_cc26x2.aem4f : UARTCC26XX.oem4f (.text:UARTCC26XX_swiIntFxn)
                  00011ace    00000002     rtsv7M4_T_le_v4SPD16_eabi.lib : div0.asm.obj (.text)
                  00011ad0    00000060     drivers_cc26x2.aem4f : AESCCMCC26XX.oem4f (.text:AESCCM_hwiFxn)
                  00011b30    00000060                          : AESCTRCC26XX.oem4f (.text:AESCTR_hwiFxn)
                  00011b90    00000060                          : AESECBCC26XX.oem4f (.text:AESECB_hwiFxn)
                  00011bf0    00000060                          : CryptoResourceCC26XX.oem4f (.text:CryptoResourceCC26XX_constructRTOSObjects)
                  00011c50    00000060     icall.obj (.text:ICall_createRemoteTasksAtRuntime)
                  00011cb0    00000060     OneLib.a : ll_ae.o (.text)
                  00011d10    00000060              : ll_common.o (.text)
                  00011d70    00000060     drivers_cc26x2.aem4f : PKAResourceCC26XX.oem4f (.text:PKAResourceCC26XX_constructRTOSObjects)
                  00011dd0    00000060     rf_multiMode_cc26x2.aem4f : RFCC26X2_multiMode.c.cc26x2.ccs.o (.text:RF_applyRfCorePatch)
                  00011e30    00000060     StackWrapper.a : gapbondmgr.o (.text)
                  00011e90    00000060     drivers_cc26x2.aem4f : TRNGCC26XX.oem4f (.text:TRNGCC26XX_startTrng)
                  00011ef0    0000005e     icall.obj (.text:ICall_fetchMsg)
                  00011f4e    00000002     simple_peripheral_app_pem4f.oem4f (.text:ti_sysbios_BIOS_nullFunc__I)
                  00011f50    0000005c     display.aem4f : Display.oem4f (.text:Display_doOpen)
                  00011fac    0000005c     icall.obj (.text:ICall_pwrUpdActivityCounter)
                  00012008    0000005c     nvocmp.obj (.text:NVOCMP_readItem$10)
                  00012064    0000005c     OneLib.a : gap_perilinkmgr.o (.text)
                  000120c0    0000005c              : ll_scheduler.o (.text)
                  0001211c    0000005c     drivers_cc26x2.aem4f : PINCC26XX.oem4f (.text:PIN_remove)
                  00012178    0000005c     rf_multiMode_cc26x2.aem4f : RFCC26X2_multiMode.c.cc26x2.ccs.o (.text:RF_syncCb)
                  000121d4    0000005c     simple_peripheral.obj (.text:SimplePeripheral_updateRPA$5)
                  00012230    0000005c     drivers_cc26x2.aem4f : NVSCC26XX.oem4f (.text:doErase)
                  0001228c    0000005c     simple_gatt_profile.obj (.text:simpleProfile_ReadAttrCB)
                  000122e8    0000005c     drivers_cc26x2.aem4f : UARTCC26XX.oem4f (.text:startTxFifoEmptyClk)
                  00012344    0000005c     simple_peripheral_app_pem4f.oem4f (.text:xdc_runtime_Startup_getState__I)
                  000123a0    00000058     drivers_cc26x2.aem4f : ECDHCC26X2.oem4f (.text:ECDH_construct)
                  000123f8    00000058     icall.obj (.text:ICall_wait)
                  00012450    00000058     OneLib.a : ll_ae.o (.text)
                  000124a8    00000058              : ll_common.o (.text)
                  00012500    00000058              : ll_enc.o (.text)
                  00012558    00000058              : ll_isr.o (.text)
                  000125b0    00000058     drivers_cc26x2.aem4f : PowerCC26X2_calibrateRCOSC.oem4f (.text:PowerCC26X2_initiateCalibration)
                  00012608    00000058     rf_multiMode_cc26x2.aem4f : RFCC26X2_multiMode.c.cc26x2.ccs.o (.text:RF_fsmXOSCState)
                  00012660    00000058                               : RFCC26X2_multiMode.c.cc26x2.ccs.o (.text:RF_hwiCpe0PowerFsm)
                  000126b8    00000058     simple_peripheral.obj (.text:SimplePeripheral_enqueueMsg$5)
                  00012710    00000058     StackWrapper.a : sm_ecc.o (.text)
                  00012768    00000058     drivers_cc26x2.aem4f : TRNGCC26XX.oem4f (.text:TRNG_init)
                  000127c0    00000058     boot.aem4f : boot.oem4f (.text)
                  00012818    00000056     rf_multiMode_cc26x2.aem4f : RFCC26X2_multiMode.c.cc26x2.ccs.o (.text:RF_defaultSubmitPolicy)
                  0001286e    00000002     rom_sysbios.aem4f : rom_sysbios.obj (.text:ti_sysbios_heaps_HeapCallback_defaultDelete)
                  00012870    00000054     drivers_cc26x2.aem4f : AESCCMCC26XX.oem4f (.text:AESCCM_construct)
                  000128c4    00000054                          : AESCTRCC26XX.oem4f (.text:AESCTR_construct)
                  00012918    00000054                          : AESECBCC26XX.oem4f (.text:AESECB_construct)
                  0001296c    00000054     driverlib.lib : chipinfo.obj (.text:NOROM_ChipInfo_GetChipType)
                  000129c0    00000054                   : prcm.obj (.text:NOROM_PRCMPowerDomainsAllOff)
                  00012a14    00000054     nvocmp.obj (.text:NVOCMP_doNVCRC$10)
                  00012a68    00000054     drivers_cc26x2.aem4f : NVSCC26XX.oem4f (.text:NVSCC26XX_init)
                  00012abc    00000054     OneLib.a : gattservapp.o (.text)
                  00012b10    00000054              : hci_event.o (.text)
                  00012b64    00000054              : ll.o (.text)
                  00012bb8    00000054     StackWrapper.a : osal_bufmgr.o (.text)
                  00012c0c    00000054     drivers_cc26x2.aem4f : StructRingBuf.oem4f (.text:StructRingBuf_put)
                  00012c60    00000054     util.obj (.text:Util_convertBdAddr2Str)
                  00012cb4    00000054     rf_multiMode_cc26x2.aem4f : rf_patch_cpe_bt5.c.cc26x2.ccs.o (.text:configureBt5Patch)
                  00012d08    00000052     OneLib.a : gap_centlinkmgr.o (.text)
                  00012d5a    00000050     drivers_cc26x2.aem4f : AESCTRDRBGXX.oem4f (.text:AESCTRDRBGXX_addBigendCounter)
                  00012daa    00000002     rom_sysbios.aem4f : rom_sysbios.obj (.text:xdc_runtime_SysCallback_defaultAbort)
                  00012dac    00000050     nvocmp.obj (.text:NVOCMP_compactNvApi$10)
                  00012dfc    00000050     OneLib.a : gap_perilinkmgr.o (.text)
                  00012e4c    00000050              : hci_tl.o (.text)
                  00012e9c    00000050              : ll_common.o (.text)
                  00012eec    00000050              : ll_enc.o (.text)
                  00012f3c    00000050     rf_multiMode_cc26x2.aem4f : RFCC26X2_multiMode.c.cc26x2.ccs.o (.text:RF_wakeupNotification)
                  00012f8c    00000050     StackWrapper.a : osal.o (.text)
                  00012fdc    00000050                    : osal_clock.o (.text)
                  0001302c    00000050     drivers_cc26x2.aem4f : TRNGCC26XX.oem4f (.text:TRNGCC26XX_waitForResult)
                  0001307c    0000004e     StackWrapper.a : gap.o (.text)
                  000130ca    00000002     rom_sysbios.aem4f : rom_sysbios.obj (.text:xdc_runtime_SysCallback_defaultExit)
                  000130cc    0000004c     icall.obj (.text:ICall_newTask$25)
                  00013118    0000004c     driverlib.lib : prcm.obj (.text:NOROM_PRCMPowerDomainsAllOn)
                  00013164    0000004c     nvocmp.obj (.text:NVOCMP_loadApiPtrsMin)
                  000131b0    0000004c     nvocmp.obj (.text:NVOCMP_setItemInactive$10)
                  000131fc    0000004c     OneLib.a : ll_scheduler.o (.text)
                  00013248    0000004c     drivers_cc26x2.aem4f : StructRingBuf.oem4f (.text:StructRingBuf_get)
                  00013294    0000004c                          : UARTCC26XX.oem4f (.text:UARTCC26XX_readCancel)
                  000132e0    0000004c     util.obj (.text:Util_constructClock)
                  0001332c    0000004c     rtsv7M4_T_le_v4SPD16_eabi.lib : cpy_tbl.c.obj (.text:copy_in)
                  00013378    0000004c     drivers_cc26x2.aem4f : PowerCC26X2.oem4f (.text:switchXOSCHF)
                  000133c4    00000048     CC26X2R1_LAUNCHXL_fxns.obj (.text:CC26X2R1_LAUNCHXL_wakeUpExtFlash)
                  0001340c    00000048     rf_multiMode_cc26x2.aem4f : rfc.c.cc26x2.ccs.o (.text:NOROM_RFCSynthPowerDown)
                  00013454    00000048     nvocmp.obj (.text:NVOCMP_write$10)
                  0001349c    00000048     drivers_cc26x2.aem4f : NVS.oem4f (.text:NVS_open)
                  000134e4    00000048     OneLib.a : gattservapp.o (.text)
                  0001352c    00000048              : ll.o (.text)
                  00013574    00000048              : ll.o (.text)
                  000135bc    00000048              : ll_ae.o (.text)
                  00013604    00000048              : ll_ae.o (.text)
                  0001364c    00000048     drivers_cc26x2.aem4f : PINCC26XX.oem4f (.text:PIN_setOutputEnable)
                  00013694    00000048                          : PowerCC26X2_calibrateRCOSC.oem4f (.text:PowerCC26X2_RCOSC_clockFunc)
                  000136dc    00000048                          : PowerCC26X2.oem4f (.text:PowerCC26XX_switchXOSC_HF)
                  00013724    00000048                          : NVSCC26XX.oem4f (.text:disableFlashCache)
                  0001376c    00000048                          : UARTCC26XX.oem4f (.text:writeFinishedDoCallback)
                  000137b4    00000046                          : RingBuf.oem4f (.text:RingBuf_put)
                  000137fa    00000002     rom_sysbios.aem4f : rom_sysbios.obj (.text:xdc_runtime_SysCallback_defaultFlush)
                  000137fc    00000044     drivers_cc26x2.aem4f : ECDHCC26X2.oem4f (.text:ECDHCC26X2_waitForResult)
                  00013840    00000044                          : NVSCC26XX.oem4f (.text:NVSCC26XX_read)
                  00013884    00000044     OneLib.a : ll.o (.text)
                  000138c8    00000044              : ll.o (.text)
                  0001390c    00000044              : ll_ae.o (.text)
                  00013950    00000044              : ll_common.o (.text)
                  00013994    00000044              : ll_isr.o (.text)
                  000139d8    00000044     drivers_cc26x2.aem4f : PINCC26XX.oem4f (.text:PIN_swi)
                  00013a1c    00000044     simple_peripheral.obj (.text:SimplePeripheral_doSelectConn)
                  00013a60    00000044     simple_gatt_profile.obj (.text:SimpleProfile_GetParameter)
                  00013aa4    00000044     StackWrapper.a : osal.o (.text)
                  00013ae8    00000044                    : osal_timers.o (.text)
                  00013b2c    00000044     drivers_cc26x2.aem4f : UART.oem4f (.text:UART_init)
                  00013b70    00000042     OneLib.a : ll.o (.text)
                  00013bb2    00000040     dpl_cc26x2.aem4f : ClockP_tirtos.oem4f (.text:ClockP_construct)
                  00013bf2    00000002     rom_sysbios.aem4f : rom_sysbios.obj (.text:xdc_runtime_SysCallback_defaultPutch)
                  00013bf4    00000040     drivers_cc26x2.aem4f : ECDHCC26X2.oem4f (.text:ECDHCC26X2_getPublicKeyResult)
                  00013c34    00000040     driverlib.lib : osc.obj (.text:NOROM_OSC_HPOSCRelativeFrequencyOffsetGet)
                  00013c74    00000040     OneLib.a : gap_configmgr.o (.text)
                  00013cb4    00000040              : gattservapp.o (.text)
                  00013cf4    00000040              : linkdb.o (.text)
                  00013d34    00000040              : ll_scheduler.o (.text)
                  00013d74    00000040     drivers_cc26x2.aem4f : PowerCC26X2.oem4f (.text:PowerCC26XX_isStableXOSC_HF)
                  00013db4    00000040                          : Random.oem4f (.text:Random_getNumber)
                  00013df4    00000040                          : RingBuf.oem4f (.text:RingBuf_get)
                  00013e34    00000040     StackWrapper.a : osal.o (.text)
                  00013e74    00000040                    : osal_bufmgr.o (.text)
                  00013eb4    00000040                    : osal_bufmgr.o (.text)
                  00013ef4    00000040                    : osal_timers.o (.text)
                  00013f34    00000040     drivers_cc26x2.aem4f : TRNGCC26XX.oem4f (.text:TRNGCC26XX_copyToClient)
                  00013f74    00000040                          : UART.oem4f (.text:UART_open)
                  00013fb4    00000040     rtsv7M4_T_le_v4SPD16_eabi.lib : u_divt2.asm.obj (.text)
                  00013ff4    00000040     rom_sysbios.aem4f : rom_sysbios.obj (.text:ti_sysbios_family_arm_cc26xx_Timer_setThreshold__I)
                  00014034    00000040                       : rom_sysbios.obj (.text:ti_sysbios_heaps_HeapCallback_Module_startup__E)
                  00014074    0000003e     dpl_cc26x2.aem4f : HwiP_tirtos.oem4f (.text:HwiP_construct)
                  000140b2    0000003e     simple_peripheral.obj (.text:SimplePeripheral_passcodeCb$5)
                  000140f0    0000003c     nvocmp.obj (.text:NVOCMP_disableCache$10)
                  0001412c    0000003c     OneLib.a : gap_linkmgr.o (.text)
                  00014168    0000003c              : gattservapp.o (.text)
                  000141a4    0000003c              : gattservapp.o (.text)
                  000141e0    0000003c              : gattservapp.o (.text)
                  0001421c    0000003c              : ll_ae.o (.text)
                  00014258    0000003c     drivers_cc26x2.aem4f : PINCC26XX.oem4f (.text:PIN_setOutputValue)
                  00014294    0000003c     rf_multiMode_cc26x2.aem4f : RFCC26X2_multiMode.c.cc26x2.ccs.o (.text:RF_cmdGet)
                  000142d0    0000003c                               : RFCC26X2_multiMode.c.cc26x2.ccs.o (.text:RF_cmdStoreEvents)
                  0001430c    0000003c     simple_peripheral.obj (.text:SimplePeripheral_createTask)
                  00014348    0000003c     simple_peripheral.obj (.text:SimplePeripheral_stopAutoPhyChange$5)
                  00014384    0000003c     StackWrapper.a : osal.o (.text)
                  000143c0    0000003c                    : osal.o (.text)
                  000143fc    0000003c                    : osal.o (.text)
                  00014438    0000003c                    : osal_timers.o (.text)
                  00014474    0000003c                    : sm_ecc.o (.text)
                  000144b0    0000003c     dpl_cc26x2.aem4f : SwiP_tirtos.oem4f (.text:SwiP_construct)
                  000144ec    0000003c     drivers_cc26x2.aem4f : NVSCC26XX.oem4f (.text:checkEraseRange)
                  00014528    0000003c     rom_sysbios.aem4f : rom_sysbios.obj (.text:ti_sysbios_family_arm_m3_Hwi_construct2__E)
                  00014564    0000003a     StackWrapper.a : osal.o (.text)
                  0001459e    00000002     --HOLE-- [fill = 0]
                  000145a0    00000038     board_key.obj (.text:Board_keyCallback$3)
                  000145d8    00000038     nvocmp.obj (.text:NVOCMP_findPage$10)
                  00014610    00000038     OneLib.a : hci.o (.text)
                  00014648    00000038              : ll_enc.o (.text)
                  00014680    00000038              : ll_scheduler.o (.text)
                  000146b8    00000038     drivers_cc26x2.aem4f : PINCC26XX.oem4f (.text:PIN_setConfig)
                  000146f0    00000038     rf_multiMode_cc26x2.aem4f : RFCC26X2_multiMode.c.cc26x2.ccs.o (.text:RF_checkCmdFsError)
                  00014728    00000038                               : RFCC26X2_multiMode.c.cc26x2.ccs.o (.text:RF_powerConstraintRelease)
                  00014760    00000038     simple_peripheral.obj (.text:SimplePeripheral_setPhy$5)
                  00014798    00000038     StackWrapper.a : osal_timers.o (.text)
                  000147d0    00000038     drivers_cc26x2.aem4f : PowerCC26X2.oem4f (.text:notify)
                  00014808    00000038                          : UARTCC26XX.oem4f (.text:readData)
                  00014840    00000038     two_btn_menu.obj (.text:tbm_goTo)
                  00014878    00000038     rom_sysbios.aem4f : rom_sysbios.obj (.text:ti_sysbios_family_arm_cc26xx_Timer_getCurrentTick__E)
                  000148b0    00000038     drivers_cc26x2.aem4f : UARTCC26XX.oem4f (.text:writeData)
                  000148e8    00000036                          : ECDHCC26X2.oem4f (.text:ECDHCC26X2_convertReturnValue)
                  0001491e    00000036     StackWrapper.a : ble_dispatch_lite.o (.text)
                  00014954    00000036     rom_sysbios.aem4f : rom_sysbios.obj (.text:ti_sysbios_family_arm_cc26xx_Timer_setNextTick__E)
                  0001498a    00000002     --HOLE-- [fill = 0]
                  0001498c    00000034     gattservapp_util.obj (.text:GATTServApp_InitCharCfg)
                  000149c0    00000034     icall.obj (.text:ICall_heapFree)
                  000149f4    00000034     icall.obj (.text:ICall_searchServiceEntity)
                  00014a28    00000034     driverlib.lib : sys_ctrl.obj (.text:NOROM_SysCtrlIdle)
                  00014a5c    00000034     OneLib.a : ble.o (.text)
                  00014a90    00000034              : hci.o (.text)
                  00014ac4    00000034              : hci_tl.o (.text)
                  00014af8    00000034              : ll_scheduler.o (.text)
                  00014b2c    00000034              : ll_scheduler.o (.text)
                  00014b60    00000034     rf_multiMode_cc26x2.aem4f : RFCC26X2_multiMode.c.cc26x2.ccs.o (.text:RF_runDirectImmediateCmd)
                  00014b94    00000034     simple_peripheral.obj (.text:SimplePeripheral_clockHandler$5)
                  00014bc8    00000034     StackWrapper.a : gapbondmgr.o (.text)
                  00014bfc    00000034                    : icall_startup.o (.text)
                  00014c30    00000034     drivers_cc26x2.aem4f : UARTCC26XX.oem4f (.text:readData2RingBuf)
                  00014c64    00000034     two_btn_menu.obj (.text:tbm_findActiveItem)
                  00014c98    00000034     rom_sysbios.aem4f : rom_sysbios.obj (.text:ti_sysbios_knl_Swi_setPri__E)
                  00014ccc    00000032     icall.obj (.text:ICall_fetchServiceMsg)
                  00014cfe    00000032     rom_sysbios.aem4f : rom_sysbios.obj (.text:ti_sysbios_gates_GateMutexPri_insertPri__I)
                  00014d30    00000030     drivers_cc26x2.aem4f : AESECBCC26XX.oem4f (.text:AESECB_cleanup)
                  00014d60    00000030     icall.obj (.text:ICall_dispatch$25)
                  00014d90    00000030     icall.obj (.text:ICall_msecs2Ticks$25)
                  00014dc0    00000030     icall.obj (.text:ICall_primEntityId2ServiceId$25)
                  00014df0    00000030     icall.obj (.text:ICall_searchTask$25)
                  00014e20    00000030     nvocmp.obj (.text:NVOCMP_changePageState$10)
                  00014e50    00000030     nvocmp.obj (.text:NVOCMP_verifyCRC$10)
                  00014e80    00000030     drivers_cc26x2.aem4f : NVSCC26XX.oem4f (.text:NVSCC26XX_erase)
                  00014eb0    00000030     OneLib.a : gattservapp.o (.text)
                  00014ee0    00000030              : ll_ae.o (.text)
                  00014f10    00000030              : ll_scheduler.o (.text)
                  00014f40    00000030     drivers_cc26x2.aem4f : PINCC26XX.oem4f (.text:PINCC26XX_setMux)
                  00014f70    00000030                          : PowerCC26X2.oem4f (.text:Power_releaseConstraint)
                  00014fa0    00000030                          : PowerCC26X2.oem4f (.text:Power_setConstraint)
                  00014fd0    00000030     StackWrapper.a : osal_timers.o (.text)
                  00015000    00000030     drivers_cc26x2.aem4f : TRNGCC26XX.oem4f (.text:TRNGCC26XX_fillEntropyPool)
                  00015030    00000030     rf_multiMode_cc26x2.aem4f : rf_patch_cpe_bt5.c.cc26x2.ccs.o (.text:applyBt5Patch)
                  00015060    00000030     simple_peripheral_app_pem4f.oem4f (.text:ti_sysbios_BIOS_atExitFunc__I)
                  00015090    00000030     simple_peripheral_app_pem4f.oem4f (.text:ti_sysbios_BIOS_startFunc__I)
                  000150c0    00000030     rom_sysbios.aem4f : rom_sysbios.obj (.text:ti_sysbios_family_arm_cc26xx_Timer_initDevice__I)
                  000150f0    00000030     simple_peripheral_app_pem4f.oem4f (.text:ti_sysbios_gates_GateMutexPri_Object__create__S)
                  00015120    00000030     simple_peripheral_app_pem4f.oem4f (.text:ti_sysbios_gates_GateMutexPri_create)
                  00015150    00000030     simple_peripheral_app_pem4f.oem4f (.text:ti_sysbios_heaps_HeapCallback_Object__create__S)
                  00015180    0000002e     icall_cc2650.obj (.text:ICallPlatform_pwrDispenseImpl$26)
                  000151ae    0000002e     icall_cc2650.obj (.text:ICallPlatform_pwrRequireImpl$26)
                  000151dc    0000002e     OneLib.a : gattservapp.o (.text)
                  0001520a    00000002     --HOLE-- [fill = 0]
                  0001520c    0000002c     icall.obj (.text:ICall_getLocalMsgEntityId)
                  00015238    0000002c     icall.obj (.text:ICall_msgEnqueue$25)
                  00015264    0000002c     nvocmp.obj (.text:NVOCMP_findDstPage$10)
                  00015290    0000002c     drivers_cc26x2.aem4f : NVS.oem4f (.text:NVS_init)
                  000152bc    0000002c     OneLib.a : gatt_task.o (.text)
                  000152e8    0000002c              : gattservapp.o (.text)
                  00015314    0000002c              : sm_rsppairing.o (.text)
                  00015340    0000002c     rf_multiMode_cc26x2.aem4f : RFCC26X2_multiMode.c.cc26x2.ccs.o (.text:RF_executeDirectImmediateCmd)
                  0001536c    0000002c     rom_init.obj (.text:ROM_Init)
                  00015398    0000002c     dpl_cc26x2.aem4f : SemaphoreP_tirtos.oem4f (.text:SemaphoreP_constructBinary)
                  000153c4    0000002c                      : SemaphoreP_tirtos.oem4f (.text:SemaphoreP_createBinary)
                  000153f0    0000002c     StackWrapper.a : hal_assert.o (.text)
                  0001541c    0000002c                    : osal_bufmgr.o (.text)
                  00015448    0000002c     drivers_cc26x2.aem4f : TRNGCC26XX.oem4f (.text:TRNGCC26XX_stopTrng)
                  00015474    0000002c     simple_peripheral_app_pem4f.oem4f (.text:ti_sysbios_gates_GateMutexPri_Handle__label__S)
                  000154a0    0000002c     simple_peripheral_app_pem4f.oem4f (.text:ti_sysbios_heaps_HeapCallback_Handle__label__S)
                  000154cc    0000002c     rom_sysbios.aem4f : rom_sysbios.obj (.text:ti_sysbios_knl_Clock_getTicksUntilInterrupt__E)
                  000154f8    0000002a     display.aem4f : DisplayUart.oem4f (.text:DisplayUartAnsi_clear)
                  00015522    0000002a                   : Display.oem4f (.text:Display_doPrintf)
                  0001554c    0000002a     drivers_cc26x2.aem4f : List.oem4f (.text:List_insert)
                  00015576    0000002a     rf_multiMode_cc26x2.aem4f : RFCC26X2_multiMode.c.cc26x2.ccs.o (.text:RF_searchAndReplacePAOverride)
                  000155a0    0000002a     simple_peripheral.obj (.text:SimplePeripheral_pairStateCb$5)
                  000155ca    0000002a     rom_sysbios.aem4f : rom_sysbios.obj (.text:ti_sysbios_knl_Clock_getTimeout__E)
                  000155f4    00000028     drivers_cc26x2.aem4f : AESCTRCC26XX.oem4f (.text:AESCTR_cleanup)
                  0001561c    00000028     rf_multiMode_cc26x2.aem4f : rfc.c.cc26x2.ccs.o (.text:NOROM_RFCOverrideSearch)
                  00015644    00000028     nvocmp.obj (.text:NVOCMP_setCompactHdr$10)
                  0001566c    00000028     OneLib.a : gattservapp.o (.text)
                  00015694    00000028     drivers_cc26x2.aem4f : PowerCC26X2.oem4f (.text:Power_registerNotify)
                  000156bc    00000028     rf_multiMode_cc26x2.aem4f : RFCC26X2_multiMode.c.cc26x2.ccs.o (.text:RF_calculateDeltaTimeUs)
                  000156e4    00000028                               : RFCC26X2_multiMode.c.cc26x2.ccs.o (.text:RF_runScheduleCmd)
                  0001570c    00000028     StackWrapper.a : osal.o (.text)
                  00015734    00000028                    : osal_snv_wrapper.o (.text)
                  0001575c    00000028                    : osal_snv_wrapper.o (.text)
                  00015784    00000028                    : osal_snv_wrapper.o (.text)
                  000157ac    00000028     drivers_cc26x2.aem4f : TRNGCC26XX.oem4f (.text:TRNGCC26XX_serviceJob)
                  000157d4    00000028                          : PowerCC26X2.oem4f (.text:oscillatorISR)
                  000157fc    00000028                          : NVSCC26XX.oem4f (.text:restoreFlashCache)
                  00015824    00000028     two_btn_menu.obj (.text:tbm_setItemStatus)
                  0001584c    00000026     icall.obj (.text:ICall_sendServiceMsg)
                  00015872    00000026     drivers_cc26x2.aem4f : List.oem4f (.text:List_put)
                  00015898    00000026                          : List.oem4f (.text:List_putHead)
                  000158be    00000026                          : List.oem4f (.text:List_remove)
                  000158e4    00000026     simple_peripheral.obj (.text:SimplePeripheral_advCallback$5)
                  0001590a    00000002     --HOLE-- [fill = 0]
                  0001590c    00000024     icall.obj (.text:ICall_enterCSImpl)
                  00015930    00000024     driverlib.lib : osc.obj (.text:NOROM_OSCHF_TurnOnXosc)
                  00015954    00000024     rf_multiMode_cc26x2.aem4f : rfc.c.cc26x2.ccs.o (.text:NOROM_RFCDoorbellSendTo)
                  00015978    00000024     OneLib.a : gapgattserver.o (.text)
                  0001599c    00000024              : gatt_server.o (.text)
                  000159c0    00000024     rf_multiMode_cc26x2.aem4f : RFCC26X2_multiMode.c.cc26x2.ccs.o (.text:RF_cmdAlloc)
                  000159e4    00000024                               : RFCC26X2_multiMode.c.cc26x2.ccs.o (.text:RF_invokeGlobalCallback)
                  00015a08    00000024     StackWrapper.a : ble_dispatch_lite.o (.text)
                  00015a2c    00000024                    : gapbondmgr.o (.text)
                  00015a50    00000024                    : osal.o (.text)
                  00015a74    00000024                    : osal.o (.text)
                  00015a98    00000024                    : osal_timers.o (.text)
                  00015abc    00000024                    : osal_timers.o (.text)
                  00015ae0    00000024     drivers_cc26x2.aem4f : PowerCC26X2_calibrateRCOSC.oem4f (.text:getTdcSemaphore)
                  00015b04    00000024     rtsv7M4_T_le_v4SPD16_eabi.lib : memcmp.c.obj (.text:memcmp)
                  00015b28    00000024     simple_peripheral_app_pem4f.oem4f (.text:ti_sysbios_BIOS_registerRTSLock__I)
                  00015b4c    00000024     simple_peripheral_app_pem4f.oem4f (.text:ti_sysbios_BIOS_removeRTSLock__I)
                  00015b70    00000024     rom_sysbios.aem4f : rom_sysbios.obj (.text:ti_sysbios_family_arm_cc26xx_Timer_getMaxTicks__E)
                  00015b94    00000024     simple_peripheral_app_pem4f.oem4f (.text:ti_sysbios_gates_GateMutexPri_Object__delete__S)
                  00015bb8    00000024     simple_peripheral_app_pem4f.oem4f (.text:ti_sysbios_heaps_HeapCallback_Object__delete__S)
                  00015bdc    00000022     drivers_cc26x2.aem4f : CryptoUtils.oem4f (.text:CryptoUtils_buffersMatch)
                  00015bfe    00000022     icall.obj (.text:ICall_setTimerMSecs)
                  00015c20    00000022     drivers_cc26x2.aem4f : List.oem4f (.text:List_get)
                  00015c42    00000022     OneLib.a : gatt_server.o (.text)
                  00015c64    00000022     simple_peripheral.obj (.text:SimplePeripheral_charValueChangeCB$5)
                  00015c86    00000022     simple_peripheral.obj (.text:SimplePeripheral_keyChangeHandler$5)
                  00015ca8    00000020     drivers_cc26x2.aem4f : ECDHCC26X2.oem4f (.text:ECDHCC26X2_internalCallbackFxn)
                  00015cc8    00000020     dpl_cc26x2.aem4f : HwiP_tirtos.oem4f (.text:HwiP_setFunc)
                  00015ce8    00000020     driverlib.lib : pka.obj (.text:NOROM_PKAClearPkaRam)
                  00015d08    00000020     nvocmp.obj (.text:NVOCMP_getCompactHdr$10)
                  00015d28    00000020     nvocmp.obj (.text:NVOCMP_readByte$10)
                  00015d48    00000020     OneLib.a : gattservapp.o (.text)
                  00015d68    00000020              : ll_isr.o (.text)
                  00015d88    00000020              : ll_isr.o (.text)
                  00015da8    00000020              : ll_isr.o (.text)
                  00015dc8    00000020              : sm_intpairing.o (.text)
                  00015de8    00000020              : sm_rsppairing.o (.text)
                  00015e08    00000020     drivers_cc26x2.aem4f : PINCC26XX.oem4f (.text:PINCC26XX_setIoCfgMux)
                  00015e28    00000020                          : PowerCC26X2.oem4f (.text:Power_unregisterNotify)
                  00015e48    00000020     rf_multiMode_cc26x2.aem4f : RFCC26X2_multiMode.c.cc26x2.ccs.o (.text:RF_clkPowerUp)
                  00015e68    00000020                               : RFCC26X2_multiMode.c.cc26x2.ccs.o (.text:RF_hwiCpe0ChangePhy)
                  00015e88    00000020                               : RFCC26X2_multiMode.c.cc26x2.ccs.o (.text:RF_isStateTransitionAllowed)
                  00015ea8    00000020                               : RFCC26X2_multiMode.c.cc26x2.ccs.o (.text:RF_ratIsRunning)
                  00015ec8    00000020                               : RFCC26X2_multiMode.c.cc26x2.ccs.o (.text:RF_setTxPower)
                  00015ee8    00000020     StackWrapper.a : osal_cbtimer.o (.text)
                  00015f08    00000020                    : osal_snv_wrapper.o (.text)
                  00015f28    00000020     crc.obj (.text:crc_update)
                  00015f48    00000020     gattservapp_util.obj (.text:gattServApp_FindCharCfgItem$18)
                  00015f68    00000020     drivers_cc26x2.aem4f : UARTCC26XX.oem4f (.text:threadSafeStdbyDisRelease)
                  00015f88    00000020                          : UARTCC26XX.oem4f (.text:threadSafeStdbyDisSet)
                  00015fa8    00000020     simple_peripheral_app_pem4f.oem4f (.text:ti_sysbios_BIOS_rtsLock__I)
                  00015fc8    00000020     rom_sysbios.aem4f : rom_sysbios.obj (.text:ti_sysbios_family_arm_cc26xx_Timer_dynamicStub__E)
                  00015fe8    0000001e     OneLib.a : hci_data.o (.text)
                  00016006    0000001e     drivers_cc26x2.aem4f : PINCC26XX.oem4f (.text:PIN_close)
                  00016024    0000001e                          : PowerCC26X2.oem4f (.text:Power_getTransitionLatency)
                  00016042    0000001e     StackWrapper.a : osal.o (.text)
                  00016060    0000001e                    : osal.o (.text)
                  0001607e    00000002     --HOLE-- [fill = 0]
                  00016080    0000001c     ti_drivers_config.obj (.text:Board_init)
                  0001609c    0000001c     icall.obj (.text:ICall_mallocLimited)
                  000160b8    0000001c     icall.obj (.text:ICall_primRepostSync$25)
                  000160d4    0000001c     driverlib.lib : chipinfo.obj (.text:NOROM_ChipInfo_GetChipFamily)
                  000160f0    0000001c                   : flash.obj (.text:NOROM_FlashProgram)
                  0001610c    0000001c                   : flash.obj (.text:NOROM_FlashSectorErase)
[...]
20000fb5  maxNumPrepareWrites                                             
20000fb6  hciPTMenabled                                                   
20000fb7  ctrlToHostEnable                                                
20000fb8  l2capFlowCtrlMode                                               
20000fb9  l2capTaskID                                                     
20000fba  l2capNumChannels                                                
20000fbb  l2capNumDataPkts                                                
20000fbc  l2capNumPSM                                                     
20000fbd  l2capNumCoChannels                                              
20000fbe  l2cap_gattServAppTaskID                                         
20000fbf  l2capId                                                         
20000fc1  linkDBNumConns                                                  
20000fc2  linkDB_secureConnectionOnlyMode                                 
20000fc3  maxPduSize                                                      
20000fc4  rfFeModeBias                                                    
20000fc5  defaultPhy                                                      
20000fc6  maxNumTxDataBufs                                                
20000fc7  LL_TaskID                                                       
20000fc8  llState                                                         
20000fc9  rssiCorrection                                                  
20000fca  curTxPowerVal                                                   
20000fcb  maxTxPwrForDTM                                                  
20000fcc  onePktPerEvt                                                    
20000fcd  numComplPkts                                                    
20000fce  numComplPktsLimit                                               
20000fcf  numComplPktsFlush                                               
20000fd0  fastTxRespTime                                                  
20000fd1  slOverride                                                      
20000fd2  rxFifoFlowCtrl                                                  
20000fd3  numTxDataBufs                                                   
20000fd4  maxNumConns                                                     
20000fd5  aeCurHandle                                                     
20000fd6  aeCurAdvEnableHandle                                            
20000fd7  aeCurConnHandle                                                 
20000fd8  extScanIndex                                                    
20000fd9  extInitIndex                                                    
20000fda  scanState                                                       
20000fdb  lastPrimPhy                                                     
20000fdc  lastScanRsp                                                     
20000fdd  smTaskID                                                        
20000fde  SM_appExpectingKey                                              
200011b5  autoConnect                                                     
200011bc  dispHandle                                                      
20001248  spTask                                                          
20001358  PowerCC26X2_module                                              
200015b0  ROM_stateStruct                                                 
200015b0  ti_sysbios_knl_Clock_Module__state__V                           
200015dc  ti_sysbios_family_arm_cc26xx_TimestampProvider_Module__state__V 
200015e0  xdc_runtime_Startup_Module__state__V                            
200015e8  xdc_runtime_Registry_Module__state__V                           
200015f0  ti_sysbios_BIOS_Module__state__V                                
20001614  ti_sysbios_knl_Swi_Module__state__V                             
20001630  ti_sysbios_knl_Task_Module__state__V                            
20001674  xdc_runtime_Memory_Module__state__V                             
20001678  xdc_runtime_System_Module__state__V                             
20001680  ti_sysbios_family_arm_m3_Hwi_Module__state__V                   
200016b4  ti_sysbios_family_arm_cc26xx_Timer_Module__state__V             
200017b0  gapAttrTbl                                                      
20001864  ICall_enterCriticalSection                                      
20001868  ICall_leaveCriticalSection                                      
2000186c  ICall_dispatcher                                                
20001880  heapmgrMemFreeTotal                                             
2000188c  HEAPMGR_SIZE                                                    
200018fc  pairMode                                                        
200018fd  mitm                                                            
200018fe  ioCap                                                           
200018ff  bonding                                                         
20001900  secureConnection                                                
20001901  autoSyncWL                                                      
20001902  eccReGenPolicy                                                  
20001903  KeySize                                                         
20001904  removeLRUBond                                                   
20001905  KeyDistList                                                     
20001906  eccDebugKeys                                                    
20001907  eraseBondWhileInConn                                            
20001908  pRandomAddress                                                  
2000190c  advData2                                                        
20001917  advData1                                                        
20001927  attDeviceName                                                   
2000193c  advParams1                                                      
20001958  scanResData1                                                    
20001974  advParams2                                                      
20001992  gAction                                                         
20001993  NVOCMP_size                                                     
200019c0  NVOCMP_nvHandle                                                 
200019f0  llUserConfig                                                    
20001a50  txPowerTable_2400_pa5                                           
20001aa0  ti_sysbios_knl_Task_Object__table__V                            
20001af0  appKeyChangeHandler                                             
20001af4  hKeyPins                                                        
20001af8  keyPinsCfg                                                      
20001b04  keyPins                                                         
20001b34  patchedSlaveCtrlPktList                                         
20001b38  ti_sysbios_family_arm_cc26xx_Timer_Object__table__V             
20001b80  gattAttrTbl                                                     
20001bc0  eccParams_NISTP256                                              
20001c00  nvintfFncStruct                                                 
20001c3c  ti_sysbios_gates_GateMutex_Object__table__V                     
20001c74  ti_sysbios_knl_Swi_Module_State_0_readyQ__A                     
20001ca4  ti_sysbios_knl_Swi_Object__table__V                             
20001cd4  ti_sysbios_knl_Task_Module_State_0_readyQ__A                    
20001d04  pOverrides_bleCommon                                            
20001d30  _hposcCoeffs                                                    
20001d54  halAssertCback                                                  
20001d78  ti_sysbios_knl_Clock_Object__table__V                           
20001d98  xdc_runtime_Error_IgnoreBlock                                   
20001db8  ti_sysbios_family_arm_m3_Hwi_Object__table__V                   
20001dd0  tbmRowItemLast                                                  
20001e39  deviceNameCharProps                                             
20001e3a  llUserConfig_maxPduSize                                         
20001e3c  gattAttrTbl_gatt_no_service_changed                             
20001e4c  rfMode                                                          
20001e5c  sizeInfo                                                        
20001e7c  bleAppServiceInfoTable                                          
20001e8c  pOverrides_ble2Mbps                                             
20001e9c  pOverrides_bleCoded                                             
20001eac  user0Cfg                                                        
20001ebc  pOverrides_ble1Mbps                                             
20001ec8  ti_sysbios_heaps_HeapCallback_Object__table__V                  
20001edd  appearanceCharProps                                             
20001ede  baseTaskID                                                      
20001ee8  bleUserCfg_maxPduSize                                           
20001eec  appAssertCback                                                  
20001ef0  pfnBMFree                                                       
20001ef4  lastAppOpcodeIdxSent                                            
20001ef8  _lock                                                           
20001efc  _unlock                                                         
20001f00  periConnParameters                                              
20001f08  pinUpperBound                                                   
20001f0c  pinLowerBound                                                   
20001f10  pfnBMAlloc                                                      
20001f14  pRfErrCb                                                        
20001f20  ti_sysbios_family_arm_m3_Hwi_Module__root__V                    
20001f28  ti_sysbios_gates_GateHwi_Module__root__V                        
20001f30  ti_sysbios_gates_GateMutexPri_Module__root__V                   
20001f38  ti_sysbios_gates_GateMutex_Module__root__V                      
20001f40  ti_sysbios_hal_Hwi_Module__root__V                              
20001f48  ti_sysbios_heaps_HeapCallback_Module__root__V                   
20001f50  ti_sysbios_heaps_HeapMem_Module__root__V                        
20001f58  ti_sysbios_knl_Clock_Module__root__V                            
20001f60  ti_sysbios_knl_Event_Module__root__V                            
20001f68  ti_sysbios_knl_Mailbox_Module__root__V                          
20001f70  ti_sysbios_knl_Queue_Module__root__V                            
20001f78  ti_sysbios_knl_Semaphore_Module__root__V                        
20001f80  ti_sysbios_knl_Swi_Module__root__V                              
20001f88  ti_sysbios_knl_Task_Module__root__V                             
20001f95  CryptoResourceCC26XX_pollingFlag                                
20001f97  periConnParamCharProps                                          
20001f98  icallServiceTblPtr                                              
20001f9c  main_func_sp                                                    
20001fa0  ti_sysbios_family_arm_m3_Hwi_Module_State_0_excContext__A       
20001fa4  ti_sysbios_family_arm_m3_Hwi_Module_State_0_excStack__A         
20001fa8  ti_sysbios_knl_Task_Module_State_0_idleTask__A                  
20001fac  PKAResourceCC26XX_pollingFlag                                   
20001fb0  ti_sysbios_family_arm_m3_Hwi_Module_State_0_excActive__A        
20001fb2  centAddrResCharProps                                            
20001fb3  centAddrRes                                                     
20001fb4  resolvablePrivateAddressOnlyCharProps                           
20001fb5  GATTServApp_gatt_no_service_changed                             
20001fb7  extScanChanMap                                                  
20001fb8  sizeOfAllExtConnParam                                           
20001fb9  rfRatHandle                                                     
20001fba  gapEndAppTaskID                                                 
20001fbb  gapAppTaskID                                                    
20001fbc  legacyMode                                                      
20001fbd  argPeriodic                                                     
20001fbe  argRpaRead                                                      
20002480  spTaskStack                                                     
20002880  ti_sysbios_knl_Task_Instance_State_0_stack__A                   
20002b80  uartCC26XXObjects                                               
20002cb0  ti_sysbios_family_arm_m3_Hwi_dispatchTable                      
20002e08  pinHandleTable                                                  
20002e84  cbTimers                                                        
20002efc  spMenuMain                                                      
20002f10  spMenuSelectConn                                                
20002f24  spMenuPerConn                                                   
20002f38  spMenuConnPhy                                                   
20002f4c  spMenuAutoConnect                                               
20002f60  aesctrdrbgXXObjects                                             
20002fb8  trngCC26XXObjects                                               
20003004  nvFptrs                                                         
20003074  req                                                             
20003094  llCteSamples                                                    
200030b4  gapBond_remoteOobData                                           
200030d4  gapBond_localOobData                                            
20003134  ecdhCC26X2Objects                                               
200031c4  CryptoResourceCC26XX_accessSemaphore                            
200031e0  CryptoResourceCC26XX_hwi                                        
200031fc  CryptoResourceCC26XX_operationSemaphore                         
20003218  PKAResourceCC26XX_accessSemaphore                               
20003234  PKAResourceCC26XX_hwi                                           
20003250  PKAResourceCC26XX_operationSemaphore                            
2000326c  deviceName                                                      
20003284  llCoex                                                          
2000329c  aesccmCC26XXObjects                                             
200032b4  aesctrCC26XXObjects                                             
200032cc  aesecbCC26XXObjects                                             
2000331c  llCteTest                                                       
20003328  cteAntennaProp                                                  
20003334  llTaskList                                                      
2000334c  displayUartObject                                               
20003358  secondaryAdvChannelMap                                          
20003360  ggs_AppCBs                                                      
20003368  LSTORecoveryArr                                                 
2000336c  llCte                                                           
20003370  llConnExtParam                                                  
20003374  extStackSettings                                                
20003378  trngHandle                                                      
2000337c  pNextAdvSet                                                     
20003380  llCurrentMappedChan                                             
20003384  drbgHandle                                                      
20003388  pRpaCfg                                                         
2000338c  gapBond_lruBondList                                             
20003390  gapBondStateNodeHead                                            
20003394  osal_syncHandle                                                 
20003398  osal_tickperiod                                                 
2000339c  osal_max_msecs                                                  
200033a0  osal_icallMsg_hook                                              
200033a4  osal_qHead                                                      
200033a8  osal_eventloop_hook                                             
200033b4  OSAL_timeSeconds                                                
200033b8  timerHead                                                       
200033c0  osal_last_timestamp                                             
200033cc  PowerCC26XX_swiKey                                              
200033d0  PowerCC26XX_taskKey                                             
200033d4  nvsCC26XXObjects                                                
200033d8  tasksEvents                                                     
200033dc  appearance                                                      
200033de  maximumPduSize                                                  
200033e2  pwrmgr_attribute                                                
200033e4  resolvablePrivateAddressOnly                                    
200033e5  GATTServApp_att_delayed_req                                     
200033e6  hciTaskID                                                       
200033e7  hciL2capTaskID                                                  
200033e8  hciGapTaskID                                                    
200033e9  hciSmpTaskID                                                    
200033ea  hciTestTaskID                                                   
200033eb  hciVsEvtMask                                                    
200033ec  scanReqRpt                                                      
200033ed  secondaryAdvChannelMapPopCount                                  
200033ee  numActiveAdvSets                                                
200033ef  wlSize                                                          
200033f0  rlSize                                                          
200033f1  decryptResult                                                   
200033f2  icall_liteTaskId                                                
200033f3  gapBond_removeLRUBond                                           
200033f4  gapBond_syncRL                                                  
200033f5  assertSubcause                                                  
200033f6  osal_entity                                                     
200033f7  pwrmgr_initialized                                              
200033f9  driverlib_release_0_57398                                       
200033fa  heapStart                                                       
20013c00  __stack                                                         
20013c00  heapEnd                                                         
20014000  __STACK_END                                                     
20014000  __STACK_TOP                                                     
20014000  __UNUSED_SRAM_end__                                             
e000e000  ti_sysbios_family_arm_m3_Hwi_nvic                               
ffffffff  __TI_pprof_out_hndl                                             
ffffffff  __TI_prof_data_size                                             
ffffffff  __TI_prof_data_start                                            
ffffffff  __binit__                                                       
ffffffff  __c_args__                                                      
ffffffff  binit                                                           
UNDEFED   SHT$$INIT_ARRAY$$Base                                           
UNDEFED   SHT$$INIT_ARRAY$$Limit                                          

[2928 symbols]
